Attempting to send test email from: HealthChain <onboarding@mail.healthchainofficial.com>
Sending to: onboarding@mail.healthchainofficial.com
Email sent successfully! { id: 'd81ee57a-cdae-4cbc-aa50-52ab91220be9' }
